node.exe : (node:40260) Warning: Setting the NODE_TLS_REJECT_UNAUTHORIZED environment variable to '0' makes TLS connections and 
HTTPS requests insecure by disabling certificate verification.
At C:\Program Files\nodejs\npx.ps1:29 char:3
+   & $NODE_EXE $NPX_CLI_JS $args
+   ~~~~~~~~~~~~~~~~~~~~~~~~~~~~~
    + CategoryInfo          : NotSpecified: ((node:40260) Wa...e verification.:String) [], RemoteException
    + FullyQualifiedErrorId : NativeCommandError
 
(Use `node --trace-warnings ...` to show where the warning was created)
Host: ep-weathered-term-ait16zkq-pooler.c-4.us-east-1.aws.neon.tech

--- Test 1: Node https.get ---
(node:26636) Warning: Setting the NODE_TLS_REJECT_UNAUTHORIZED environment variable to '0' makes TLS connections and HTTPS 
requests insecure by disabling certificate verification.
(Use `node --trace-warnings ...` to show where the warning was created)
TIMEOUT

--- Test 2: fetch ---
Error: fetch failed
Cause: {
  "name": "ConnectTimeoutError",
  "code": "UND_ERR_CONNECT_TIMEOUT"
}

--- Test 3: Neon serverless ---
Neon error: Error connecting to database: fetch failed

Done
